
### W1
============================================================================
HOURS-WEIGHTED ANNUAL PERFORMANCE  --  W1: TMYx dry bulb + ISD 404160 dew-point climatology
============================================================================
This is NOT the pre-registered V5 gate and does not change its
verdict. V5 is an unweighted mean over five conditions; it scored
4.38 % against 15 % and failed. This is the annual figure.

 bin  hours   T_wb C   T_db C     RH   load  energy %   water %   cost %  in envlp
----------------------------------------------------------------------------
   0   1105     11.3     14.2   0.73   0.49      6.20      2.31     5.12       yes
   1   1105     13.7     19.9   0.51   0.58     11.99     -2.92     7.67       yes
   2   1105     15.6     23.2   0.47   0.63     12.18     -3.76     7.58       yes
   3   1105     17.6     27.4   0.41   0.70     13.45     -7.35     7.43       yes
   4   1105     19.4     32.5   0.31   0.78      7.86     -7.80     3.02       yes
   5   1105     21.0     34.1   0.36   0.81      3.72     -4.82     1.01       yes
   6   1065     22.6     35.7   0.36   0.83      3.73     -4.79     1.05        NO
   7   1065     24.2     36.8   0.38   0.85     -2.48      8.30     1.58        NO
----------------------------------------------------------------------------
ANNUAL   8760                                      7.14     -2.64     4.33

WHAT THIS IS, AND WHAT IT RESTS ON
   hours-weighted annual total-power reduction  : 7.14 %
   hours-weighted annual makeup water reduction : -2.64 %
   hours-weighted annual cost reduction         : 4.33 %

   Those three are means of ratios. As RATIOS OF ANNUAL TOTALS,
   which is what a plant actually banks over a year:
   annual electrical energy reduction           : 6.54 %   (-0.60 pts)
   annual makeup water reduction                : -2.64 %   (+0.00 pts)
   annual operating cost reduction              : 3.85 %   (-0.49 pts)
   The energy and water corrections have OPPOSITE signs.
   for comparison, the five-condition unweighted mean the V5 gate
   scores                                        : 4.38 % water

   fraction of the year INSIDE the validated wet-bulb envelope
   (<= 21.9 C), counted hour by hour           : 75.7 %
   fraction resting on EXTRAPOLATION            : 24.3 %   (2130 h)

   AND WHAT THE EXTRAPOLATION IS ACTUALLY WORTH -- defects 48 and 60.

                                   hours   water %  energy %   cost %
   whole year                       8760     -2.64      6.54     3.85
   inside the validated envelope    6630     -4.77      9.10     4.96
   EXTRAPOLATED (wb > 21.9 C)       2130      1.91      0.59     1.32

   The water saving is NEGATIVE inside the validated wet-bulb envelope and positive only outside it, so the annual water figure is carried entirely by extrapolated hours.
   The energy saving is the reverse: larger inside the envelope than outside it.
   Quote neither without this split.

### W2
============================================================================
HOURS-WEIGHTED ANNUAL PERFORMANCE  --  W2: ISD 404160 station year 2021
============================================================================
This is NOT the pre-registered V5 gate and does not change its
verdict. V5 is an unweighted mean over five conditions; it scored
4.38 % against 15 % and failed. This is the annual figure.

 bin  hours   T_wb C   T_db C     RH   load  energy %   water %   cost %  in envlp
----------------------------------------------------------------------------
   0   1099     10.2     15.8   0.52   0.52      6.60     -0.02     4.68       yes
   1   1099     13.5     21.1   0.47   0.60     12.21     -3.73     7.57       yes
   2   1099     15.6     24.5   0.45   0.66     12.30     -4.25     7.51       yes
   3   1099     17.4     29.0   0.37   0.73      7.47     -6.72     3.12       yes
   4   1099     19.1     32.1   0.35   0.78      7.61     -7.06     3.13       yes
   5   1099     20.9     33.6   0.38   0.80      3.63     -4.57     1.05       yes
   6   1083     23.5     34.8   0.43   0.82     -2.39      8.07     1.51        NO
   7   1083     27.4     35.0   0.59   0.82      0.18      8.75     3.37        NO
----------------------------------------------------------------------------
ANNUAL   8760                                      5.98     -1.23     4.00

WHAT THIS IS, AND WHAT IT RESTS ON
   hours-weighted annual total-power reduction  : 5.98 %
   hours-weighted annual makeup water reduction : -1.23 %
   hours-weighted annual cost reduction         : 4.00 %

   Those three are means of ratios. As RATIOS OF ANNUAL TOTALS,
   which is what a plant actually banks over a year:
   annual electrical energy reduction           : 5.33 %   (-0.65 pts)
   annual makeup water reduction                : -0.74 %   (+0.49 pts)
   annual operating cost reduction              : 3.67 %   (-0.33 pts)
   The energy and water corrections have OPPOSITE signs.
   for comparison, the five-condition unweighted mean the V5 gate
   scores                                        : 4.38 % water

   fraction of the year INSIDE the validated wet-bulb envelope
   (<= 21.9 C), counted hour by hour           : 75.3 %
   fraction resting on EXTRAPOLATION            : 24.7 %   (2166 h)

   AND WHAT THE EXTRAPOLATION IS ACTUALLY WORTH -- defects 48 and 60.

                                   hours   water %  energy %   cost %
   whole year                       8760     -0.74      5.33     3.67
   inside the validated envelope    6594     -4.82      8.08     4.20
   EXTRAPOLATED (wb > 21.9 C)       2166      8.41     -1.07     2.46

   The water saving is NEGATIVE inside the validated wet-bulb envelope and positive only outside it, so the annual water figure is carried entirely by extrapolated hours.
   The energy saving is the reverse: larger inside the envelope than outside it.
   Quote neither without this split.

CLAIMS
  H1_whole_year_energy_positive                    W0=True  W1=True  W2=True  -> HOLDS
  H2_whole_year_cost_positive                      W0=True  W1=True  W2=True  -> HOLDS
  H3_whole_year_water_positive                     W0=True  W1=False W2=False -> WEATHER-SOURCE-DEPENDENT
  H4_water_negative_inside_envelope                W0=True  W1=True  W2=True  -> HOLDS
  H5_water_positive_extrapolated                   W0=True  W1=True  W2=True  -> HOLDS
  H6_energy_inside_exceeds_extrapolated            W0=True  W1=True  W2=True  -> HOLDS
  H7_energy_positive_inside_envelope               W0=True  W1=True  W2=True  -> HOLDS
  H8_lead_with_energy                              W0=True  W1=True  W2=True  -> HOLDS
  H9_extrapolated_share_35_to_46_pct               W0=True  W1=False W2=False -> WEATHER-SOURCE-DEPENDENT
  H10_mean_of_ratios_corrections_opposite_signs    W0=True  W1=True  W2=True  -> HOLDS
HEADLINE SURVIVES: True
written -> results/annual_weather_sensitivity.json
exit 0
